python3 ./regressionAD_CASE2_restart.py 

---------------------------------------------------------------------------
|                                                                         |
| pyBeam, a Beam Solver (AD) - Release 0.1 (beta)                         |
|                            - https://github.com/rsanfer/pyBeam          |
|                                                                         |
---------------------------------------------------------------------------
|                                                                         |
| Copyright 2018-2019 Rocco Bombardieri (Carlos III University Madrid)    |
|                     Rauno Cavallaro (Carlos III University Madrid)      |
|                     Tim Albring (SciComp, TU Kaiserslautern)            |
|                     Ruben Sanchez (SciComp, TU Kaiserslautern)          |
|                                                                         |
| pyBeam is free software: you can redistribute it and/or                 |
| modify it under the terms of the GNU Affero General Public License      |
| as published by the Free Software Foundation, either version 3 of the   |
| License, or (at your option) any later version.                         |
|                                                                         |
| pyBeam is distributed in the hope that it will be useful,               |
| but WITHOUT ANY WARRANTY; without even the implied warranty             |
| of MERCHANTABILITY or FITNESS FOR A PARTICULAR PURPOSE.                 |
| See the GNU Affero General Public License for more details.             |
|                                                                         |
| You should have received a copy of the GNU Affero                       |
| General Public License along with pyBeam.                               |
| If not, see <http://www.gnu.org/licenses/>.                             |
|                                                                         |
---------------------------------------------------------------------------

FOLLOWER_FLAG is an invalid option !
--> Reading mesh file: /media/rocco/290CF0EB732D1122/Adjoint_project/pyBeam/tests/Eurogen/Adjoint/CASE2/mesh_str.msh.
--> Reading property file: /media/rocco/290CF0EB732D1122/Adjoint_project/pyBeam/tests/Eurogen/Adjoint/CASE2/property_n.prt.
--> Initialization successful
--> Node Structure Initialization... ok!
--> Finite Element Initialization... ok!
-->  Setting the Initial Coordinates 
--> Initialization successful

---------------------------------------------------------------------------

--> Setting External Forces
--> Initializing from restart file
--> Starting Restart Sequence
===========================================================================
    Iter      Log10(Res)   Log10(Lin_Sol)     Log10(Disp) Log10(Disp_Fact)
 RESTART       -7.455195       -15.172902       -6.912686        -8.092844
===========================================================================

--> Exiting Restart Sequence.
objective_function = 0.059010
Objective Function - Displacement( 19 ) =  0.059009837850904134
0.05900983785090413436
E', Nu' = ( -0.058077586116012436 -3.388595763878434e-05 )
F'( 0 ) = ( 0.0 0.0 0.0 )
F'( 1 ) = ( -1.0810092401528274e-05 -3.3503399727578824e-05 0.00731322603940485 )
F'( 2 ) = ( -0.00010842609151874519 -0.00029137418697464855 0.028726637399388383 )
F'( 3 ) = ( -0.00035798029814041664 -0.0009450637174992614 0.06343701879358628 )
F'( 4 ) = ( -0.0008027317527940026 -0.002113710536788209 0.11065645554689835 )
F'( 5 ) = ( -0.00146766183325147 -0.003871992563604186 0.16959946453570726 )
F'( 6 ) = ( -0.002362483047421861 -0.006256656231752296 0.2394605973564146 )
F'( 7 ) = ( -0.0034852347433971713 -0.009274669908030856 0.31945412790803657 )
F'( 8 ) = ( -0.004912212295923881 -0.01316690797943738 0.4125849049730867 )
F'( 9 ) = ( -0.006723079671873807 -0.018185715560898402 0.5213714776483038 )
F'( 10 ) = ( -0.008888140295554719 -0.02428209184267879 0.6443950097409225 )
F'( 11 ) = ( -0.011365776219279124 -0.031369461585012554 0.780230331222158 )
F'( 12 ) = ( -0.014108396860336058 -0.03933782017102818 0.9274663182586164 )
F'( 13 ) = ( -0.017065869952660483 -0.04806167080339241 1.0846621579529456 )
F'( 14 ) = ( -0.020190596362574295 -0.05741292284231673 1.2504082034558555 )
F'( 15 ) = ( -0.023547502095796296 -0.06774679068893914 1.4302734962230848 )
F'( 16 ) = ( -0.027159463306027035 -0.07927740664226651 1.6277650738722356 )
F'( 17 ) = ( -0.030922302766738158 -0.09166248450878053 1.8384934004410969 )
F'( 18 ) = ( -0.03475915290837749 -0.10458343675008136 2.0581061989898792 )
F'( 19 ) = ( -0.0386173480221152 -0.11774580753737783 2.2821123798394307 )
F'( 20 ) = ( 0.0 0.0 0.0 )
F'( 21 ) = ( 6.608796648082508e-05 0.00017109900062696912 -0.02042721826835782 )
F'( 22 ) = ( 0.00016166689523062933 0.0004296131926434663 -0.02394978752202522 )
F'( 23 ) = ( 0.00017287844070013235 0.00048479975105532774 -0.011473668743497036 )
F'( 24 ) = ( 1.8493939233604493e-05 0.00012267247425207898 0.01608609514555169 )
F'( 25 ) = ( -0.00035530466574211473 -0.0008054111043497799 0.057832977928194855 )
F'( 26 ) = ( -0.00097894336745825 -0.0023914362936314896 0.11285205836440518 )
F'( 27 ) = ( -0.0018643154573469059 -0.004681575678428612 0.1802503234003472 )
F'( 28 ) = ( -0.002886388488945684 -0.007272198544962538 0.251067456219218 )
F'( 29 ) = ( -0.004365144668859228 -0.011139934571459734 0.3412453842474109 )
F'( 30 ) = ( -0.006281725912909068 -0.016280394584230525 0.4491574488186985 )
F'( 31 ) = ( -0.008595559550882582 -0.022626743247726972 0.5731770421382442 )
F'( 32 ) = ( -0.011253016580449214 -0.030069996314333356 0.7117052048348047 )
F'( 33 ) = ( -0.014192449789345044 -0.03847012171108257 0.8630881800881943 )
F'( 34 ) = ( -0.01735287276574959 -0.04767771184057444 1.025733511327228 )
F'( 35 ) = ( -0.020758517586167168 -0.05735518175379148 1.1878446200538646 )
F'( 36 ) = ( -0.024523025298198893 -0.06863480079101995 1.3748068173985757 )
F'( 37 ) = ( -0.028483968858994933 -0.08108455704478 1.5816285921138904 )
F'( 38 ) = ( -0.03251527313377039 -0.09429566677867371 1.8033588708486485 )
F'( 39 ) = ( -0.03653096708047626 -0.10790139022299698 2.0349448871139186 )
F'( 40 ) = ( 0.0 0.0 0.0 )
F'( 41 ) = ( -0.000126928799090346 -0.00034206366368590634 0.04892292209558022 )
F'( 42 ) = ( -0.0005150125939013017 -0.0013759654550429175 0.1077394108558441 )
F'( 43 ) = ( -0.0011563072810179852 -0.0030942607413693137 0.17580412380870636 )
F'( 44 ) = ( -0.002037083058212533 -0.005473722740455524 0.25251343591475384 )
F'( 45 ) = ( -0.0031389915676194985 -0.008477904164591633 0.33724701913415217 )
F'( 46 ) = ( -0.004440701535486497 -0.012060755333482867 0.42936633762562043 )
F'( 47 ) = ( -0.005919716257775203 -0.016171104954894183 0.5282647570059084 )
F'( 48 ) = ( -0.007954159408283167 -0.02201598560221231 0.6548608092774101 )
F'( 49 ) = ( -0.0102631525844476 -0.02876133767800608 0.7915603026924815 )
F'( 50 ) = ( -0.012800694101634256 -0.03629099924135421 0.9372430355185919 )
F'( 51 ) = ( -0.015523598160330665 -0.04448884598061186 1.0907926089133202 )
F'( 52 ) = ( -0.01839386645511812 -0.053244960614469115 1.2511120948744916 )
F'( 53 ) = ( -0.021377831502021313 -0.06245303846503568 1.417017698544726 )
F'( 54 ) = ( -0.024448505205171913 -0.07201867697098288 1.5874144936456756 )
F'( 55 ) = ( -0.027731756390540457 -0.08333573812299527 1.793898876936931 )
F'( 56 ) = ( -0.031114596880961364 -0.09524249986561126 2.0072016963661112 )
F'( 57 ) = ( -0.03457996989640501 -0.1075302756157487 2.2238094276049725 )
F'( 58 ) = ( -0.03812453246035998 -0.1200143897578198 2.440233102246336 )
F'( 59 ) = ( -0.041746089284108265 -0.13251085308973395 2.6528695250688012 )
F'( 60 ) = ( 0.0 0.0 0.0 )
F'( 61 ) = ( -0.003403578913526367 -0.007341986920884989 0.007241138033503866 )
F'( 62 ) = ( -0.006552023097388318 -0.014177060159829396 0.028469650449704124 )
F'( 63 ) = ( -0.009520799632335415 -0.020697099767259655 0.06292329403049146 )
F'( 64 ) = ( -0.012369078749857706 -0.02705356430784475 0.10984731446047212 )
F'( 65 ) = ( -0.01513576926734448 -0.033350664569733936 0.1684821893446139 )
F'( 66 ) = ( -0.01784401741423692 -0.039652893908301956 0.23804252740420406 )
F'( 67 ) = ( -0.020510826394675538 -0.04600797965320121 0.31775660479718604 )
F'( 68 ) = ( -0.02466433930886451 -0.05579405155165913 0.4103791670906741 )
F'( 69 ) = ( -0.028747942194036348 -0.06572913101500295 0.5187040014979551 )
F'( 70 ) = ( -0.03275750919766266 -0.07581837209852453 0.6413311860349197 )
F'( 71 ) = ( -0.036676212196254346 -0.0860276066995793 0.7768456499902294 )
F'( 72 ) = ( -0.04048995256093788 -0.09631883144914971 0.9238380914901289 )
F'( 73 ) = ( -0.044154672222310815 -0.10657818107780263 1.0808681711090864 )
F'( 74 ) = ( -0.047654903480440804 -0.11674714828864453 1.2465195286904434 )
F'( 75 ) = ( -0.05317591025860028 -0.13177323950816058 1.4260056451892884 )
F'( 76 ) = ( -0.05808258385088134 -0.14611451297871922 1.623282925358778 )
F'( 77 ) = ( -0.06231936197255461 -0.15953259575425566 1.8339439540062863 )
F'( 78 ) = ( -0.06589270892377026 -0.17188805037162067 2.0536081820517573 )
F'( 79 ) = ( -0.06882040623003716 -0.18303905061395873 2.277760183838891 )
F'( 80 ) = ( 0.0 0.0 0.0 )
F'( 81 ) = ( 0.0033819680545948095 0.007274976867685285 0.007385314217357244 )
F'( 82 ) = ( 0.006335176713928847 0.013594304615144827 0.028983623850568487 )
F'( 83 ) = ( 0.008804823010341389 0.018806961261204992 0.06395070120357162 )
F'( 84 ) = ( 0.010763640675815303 0.02282613012950768 0.11146559741275922 )
F'( 85 ) = ( 0.012200456076159797 0.025606662503713074 0.1707167392858098 )
F'( 86 ) = ( 0.013119062386461197 0.02713956233433402 0.240878657715776 )
F'( 87 ) = ( 0.013540367703113251 0.027458618379040643 0.32115165044833 )
F'( 88 ) = ( 0.014839925829710538 0.029460210814876275 0.41479064163567253 )
F'( 89 ) = ( 0.015301793642507354 0.029357672564361757 0.5240389527346742 )
F'( 90 ) = ( 0.014981238604759955 0.02725415971384668 0.6474588274305816 )
F'( 91 ) = ( 0.01394466850058544 0.02328865377698886 0.7836150111336772 )
F'( 92 ) = ( 0.012273166125634708 0.017643161584230092 0.9310945432892476 )
F'( 93 ) = ( 0.010022938040075752 0.010454810899546415 1.0884561435296012 )
F'( 94 ) = ( 0.007273714952604821 0.0019212756868084828 1.2542968769459784 )
F'( 95 ) = ( 0.006080909054127906 -0.0037203682695606134 1.434541346053435 )
F'( 96 ) = ( 0.0037636634156369385 -0.01244031156861412 1.6322470081087834 )
F'( 97 ) = ( 0.00047475714754405474 -0.023792394600200252 1.8430428455876133 )
F'( 98 ) = ( -0.0036255969732684177 -0.03727884034579809 2.062604215051003 )
F'( 99 ) = ( -0.008414290334173583 -0.052452577173484005 2.2864645751889787 )

