---------------------------------------------------------------------------
|                                                                         |
| pyBeam, a Beam Solver (AD) - Release 0.1 (beta)                         |
|                            - https://github.com/rsanfer/pyBeam          |
|                                                                         |
---------------------------------------------------------------------------
|                                                                         |
| Copyright 2018-2019 Rocco Bombardieri (Carlos III University Madrid)    |
|                     Rauno Cavallaro (Carlos III University Madrid)      |
|                     Tim Albring (SciComp, TU Kaiserslautern)            |
|                     Ruben Sanchez (SciComp, TU Kaiserslautern)          |
|                                                                         |
| pyBeam is free software: you can redistribute it and/or                 |
| modify it under the terms of the GNU Affero General Public License      |
| as published by the Free Software Foundation, either version 3 of the   |
| License, or (at your option) any later version.                         |
|                                                                         |
| pyBeam is distributed in the hope that it will be useful,               |
| but WITHOUT ANY WARRANTY; without even the implied warranty             |
| of MERCHANTABILITY or FITNESS FOR A PARTICULAR PURPOSE.                 |
| See the GNU Affero General Public License for more details.             |
|                                                                         |
| You should have received a copy of the GNU Affero                       |
| General Public License along with pyBeam.                               |
| If not, see <http://www.gnu.org/licenses/>.                             |
|                                                                         |
---------------------------------------------------------------------------

FOLLOWER_FLAG is an invalid option !
FullPivHouseholderQr
--> Reading mesh file: /home/rsanfer/pyBeam/tests/Eurogen/Adjoint/CASE3/mesh_str.msh.
--> Reading property file: /home/rsanfer/pyBeam/tests/Eurogen/Adjoint/CASE3/property_n.prt.
--> Initialization successful
--> Node Structure Initialization... ok!
--> Finite Element Initialization... ok!
--> Initialization successful

---------------------------------------------------------------------------

--> Setting External Forces
--> Starting Load Stepping

===========================================================================
==       LOAD STEP     0
==       Lambda        0.05000000
===========================================================================
  Iter  Log10(Norm_Res)   Log10(Lin_Sol) Log10(Norm_Disp) Log10(Disp_Fact)
     0       0.00000000      -7.86575939       0.00000000      -2.71204042
     1       2.11962255     -11.13072046      -3.04899703      -5.76103745
     2      -0.27610126     -11.45643688      -4.02038867      -6.73242909
     3      -0.27610144     -11.49069217      -4.02069659      -6.73273702
     4      -0.27610146     -11.54929566      -4.02100451      -6.73304493
===========================================================================
==       LOAD STEP     1
==       Lambda        0.10000000
===========================================================================
  Iter  Log10(Norm_Res)   Log10(Lin_Sol) Log10(Norm_Disp) Log10(Disp_Fact)
     0       0.00000000      -7.91142280       0.00000000      -2.71237739
     1       2.06524858     -11.38597579      -2.85849979      -5.57087718
     2      -0.32618325     -11.20172617      -3.71189316      -6.42427056
     3      -0.32618855     -11.14418009      -3.76156925      -6.47394664
     4      -0.32618864     -11.17367134      -3.76220371      -6.47458111
===========================================================================
==       LOAD STEP     2
==       Lambda        0.15000000
===========================================================================
  Iter  Log10(Norm_Res)   Log10(Lin_Sol) Log10(Norm_Disp) Log10(Disp_Fact)
     0       0.00000000      -7.77184300       0.00000000      -2.71270661
     1       2.06325913     -11.24248315      -2.70810024      -5.42080685
     2      -0.31368981     -10.91182640      -3.53426507      -6.24697169
     3      -0.31378582     -11.28348144      -3.80614402      -6.51885063
     4      -0.31378602     -11.33172016      -3.80708847      -6.51979508
===========================================================================
==       LOAD STEP     3
==       Lambda        0.20000000
===========================================================================
  Iter  Log10(Norm_Res)   Log10(Lin_Sol) Log10(Norm_Disp) Log10(Disp_Fact)
     0       0.00000000      -7.81484424       0.00000000      -2.71300758
     1       2.05894316     -11.21764556      -2.59069583      -5.30370340
     2      -0.29808466     -10.84196900      -3.40706105      -6.12006863
     3      -0.29790943     -12.07247229      -4.50321996      -7.21622754
     4      -0.29790950     -12.00727405      -4.50448088      -7.21748846
===========================================================================
==       LOAD STEP     4
==       Lambda        0.25000000
===========================================================================
  Iter  Log10(Norm_Res)   Log10(Lin_Sol) Log10(Norm_Disp) Log10(Disp_Fact)
     0       0.00000000      -7.90391645       0.00000000      -2.71325936
     1       2.05305593     -11.34269187      -2.49552280      -5.20878216
     2      -0.28145528     -10.67093695      -3.30794493      -6.02120429
     3      -0.28169561     -12.18999789      -4.71093928      -7.42419864
     4      -0.28169568     -12.18055490      -4.71246172      -7.42572108
===========================================================================
==       LOAD STEP     5
==       Lambda        0.30000000
===========================================================================
  Iter  Log10(Norm_Res)   Log10(Lin_Sol) Log10(Norm_Disp) Log10(Disp_Fact)
     0       0.00000000      -7.86250217       0.00000000      -2.71356178
     1       2.04624532     -11.38307715      -2.41572983      -5.12929161
     2      -0.26240282     -10.77291820      -3.22734256      -5.94090434
     3      -0.26254263     -12.38830977      -4.88711949      -7.60068127
     4      -0.26254272     -12.41707601      -4.88878246      -7.60234424
===========================================================================
==       LOAD STEP     6
==       Lambda        0.35000000
===========================================================================
  Iter  Log10(Norm_Res)   Log10(Lin_Sol) Log10(Norm_Disp) Log10(Disp_Fact)
     0       0.00000000      -7.85321803       0.00000000      -2.71386901
     1       2.03785505     -11.17146360      -2.34706573      -5.06093473
     2      -0.24329885     -10.58847285      -3.15962168      -5.87349069
     3      -0.24330749     -12.53182197      -5.19066861      -7.90453762
     4      -0.24330756     -12.58213029      -5.19137982      -7.90524883
===========================================================================
==       LOAD STEP     7
==       Lambda        0.40000000
===========================================================================
  Iter  Log10(Norm_Res)   Log10(Lin_Sol) Log10(Norm_Disp) Log10(Disp_Fact)
     0       0.00000000      -7.80137951       0.00000000      -2.71417781
     1       2.02835733     -11.46320163      -2.28677993      -5.00095775
     2      -0.22208881     -10.56706047      -3.09912879      -5.81330660
     3      -0.22225895     -12.34996105      -4.87028385      -7.58446167
     4      -0.22226452     -12.41378988      -4.98010702      -7.69428484
===========================================================================
==       LOAD STEP     8
==       Lambda        0.45000000
===========================================================================
  Iter  Log10(Norm_Res)   Log10(Lin_Sol) Log10(Norm_Disp) Log10(Disp_Fact)
     0       0.00000000      -7.66544722       0.00000000      -2.71449542
     1       2.02782791     -11.41145812      -2.23356238      -4.94805779
     2       1.35859507     -12.09220056      -3.04295652      -5.75745193
     3       1.35859369     -14.58176894      -5.35613183      -8.07062724
     4       1.35859369     -14.53018002      -5.35840303      -8.07289845
===========================================================================
==       LOAD STEP     9
==       Lambda        0.50000000
===========================================================================
  Iter  Log10(Norm_Res)   Log10(Lin_Sol) Log10(Norm_Disp) Log10(Disp_Fact)
     0       0.00000000      -9.01014943       0.00000000      -2.71480978
     1       0.72888227     -11.35321394      -2.18642751      -4.90123729
     2       0.21317234     -12.16324650      -2.98613439      -5.70094417
     3       0.11040703     -15.10574642      -5.58937547      -8.30418525
     4       0.11040703     -14.91876401      -5.58956524      -8.30437502
===========================================================================
==       LOAD STEP     10
==       Lambda        0.55000000
===========================================================================
  Iter  Log10(Norm_Res)   Log10(Lin_Sol) Log10(Norm_Disp) Log10(Disp_Fact)
     0       0.00000000      -9.24553748       0.00000000      -2.71512742
     1       0.61907261     -11.33935950      -2.14238430      -4.85751171
     2       0.13430262     -12.16146968      -2.94154906      -5.65667648
     3       0.13430072     -14.97182283      -5.52434628      -8.23947370
     4       0.02165352     -15.00115020      -5.55666108      -8.27178850
===========================================================================
==       LOAD STEP     11
==       Lambda        0.60000000
===========================================================================
  Iter  Log10(Norm_Res)   Log10(Lin_Sol) Log10(Norm_Disp) Log10(Disp_Fact)
     0       0.00000000      -9.23808566       0.00000000      -2.71544977
     1       0.62399967     -11.20878277      -2.10172882      -4.81717859
     2       0.32510547     -12.36661661      -2.90153199      -5.61698176
     3       0.26851301     -14.84184684      -5.26855684      -7.98400661
     4       0.13853310     -14.79117875      -5.26550550      -7.98095527
===========================================================================
==       LOAD STEP     12
==       Lambda        0.65000000
===========================================================================
  Iter  Log10(Norm_Res)   Log10(Lin_Sol) Log10(Norm_Disp) Log10(Disp_Fact)
     0       0.00000000      -9.21030960       0.00000000      -2.71577521
     1       0.51498391     -11.46100720      -2.06361411      -4.77938932
     2       0.05939304     -12.33549505      -2.86783105      -5.58360625
     3      -0.00195115     -14.98821109      -5.41422815      -8.13000335
     4      -0.10418578     -14.77593365      -5.43440134      -8.15017654
===========================================================================
==       LOAD STEP     13
==       Lambda        0.70000000
===========================================================================
  Iter  Log10(Norm_Res)   Log10(Lin_Sol) Log10(Norm_Disp) Log10(Disp_Fact)
     0       0.00000000      -9.22896867       0.00000000      -2.71610089
     1       0.65255142     -11.28775229      -2.02892952      -4.74503041
     2       0.29044739     -12.27541962      -2.83073407      -5.54683495
     3       0.13883605     -14.54731785      -5.22412158      -7.94022247
     4       0.13883606     -14.44932996      -5.22756752      -7.94366841
===========================================================================
==       LOAD STEP     14
==       Lambda        0.75000000
===========================================================================
  Iter  Log10(Norm_Res)   Log10(Lin_Sol) Log10(Norm_Disp) Log10(Disp_Fact)
     0       0.00000000      -9.26133391       0.00000000      -2.71643075
     1       0.53405259     -11.48954077      -1.99583915      -4.71226990
     2       0.10967156     -12.15550069      -2.80044946      -5.51688021
     3      -0.06133164     -14.45413462      -5.22056107      -7.93699182
     4      -0.06133163     -14.39834481      -5.22413766      -7.94056841
===========================================================================
==       LOAD STEP     15
==       Lambda        0.80000000
===========================================================================
  Iter  Log10(Norm_Res)   Log10(Lin_Sol) Log10(Norm_Disp) Log10(Disp_Fact)
     0       0.00000000      -9.07710845       0.00000000      -2.71676171
     1       0.57772124     -11.59024549      -1.96458676      -4.68134848
     2       0.05841692     -11.93914838      -2.77259927      -5.48936098
     3       0.00600100     -14.40860987      -5.17340268      -7.89016439
     4       0.00600101     -14.36255218      -5.17757499      -7.89433670
===========================================================================
==       LOAD STEP     16
==       Lambda        0.85000000
===========================================================================
  Iter  Log10(Norm_Res)   Log10(Lin_Sol) Log10(Norm_Disp) Log10(Disp_Fact)
     0       0.00000000      -9.02300642       0.00000000      -2.71709526
     1       0.63963643     -11.35509358      -1.93541296      -4.65250822
     2       0.19358686     -12.08600592      -2.74415610      -5.46125136
     3      -0.03879701     -14.31931937      -5.26892294      -7.98601820
     4      -0.03879699     -14.37534473      -5.27249479      -7.98959005
===========================================================================
==       LOAD STEP     17
==       Lambda        0.90000000
===========================================================================
  Iter  Log10(Norm_Res)   Log10(Lin_Sol) Log10(Norm_Disp) Log10(Disp_Fact)
     0       0.00000000      -8.77717205       0.00000000      -2.71742998
     1       0.84092490     -11.34551755      -1.90747101      -4.62490100
     2       0.01533525     -11.80473180      -2.71915929      -5.43658928
     3       0.01533842     -14.75645079      -5.42795133      -8.14538132
     4       0.01533843     -14.70904390      -5.42898569      -8.14641567
===========================================================================
==       LOAD STEP     18
==       Lambda        0.95000000
===========================================================================
  Iter  Log10(Norm_Res)   Log10(Lin_Sol) Log10(Norm_Disp) Log10(Disp_Fact)
     0       0.00000000      -8.85679147       0.00000000      -2.71776656
     1       0.81613982     -11.45792907      -1.88092777      -4.59869434
     2       0.00655407     -11.65881414      -2.69533881      -5.41310538
     3       0.00655578     -14.21992152      -5.26557647      -7.98334303
     4       0.00655579     -14.16422556      -5.26934125      -7.98710781
===========================================================================
==       LOAD STEP     19
==       Lambda        1.00000000
===========================================================================
  Iter  Log10(Norm_Res)   Log10(Lin_Sol) Log10(Norm_Disp) Log10(Disp_Fact)
     0       0.00000000      -8.87930174       0.00000000      -2.71810759
     1       0.82983859     -11.43670367      -1.85595930      -4.57406688
     2       0.35929297     -11.86843141      -2.67048034      -5.38858793
     3       0.08889383     -14.43889596      -5.33340683      -8.05151442
     4       0.08889384     -14.65080566      -5.33607143      -8.05417901
===========================================================================

--> Exiting Iterative Sequence.
objective_function = 0.05900546
Objective Function - Displacement( 19 ) =  0.05900546153082496
0.05900546153082496248
E', Nu' = ( -8.877954693887428e-08 -0.002470858598561577 )
F'( 0 ) = ( 0.0 0.0 0.0 )
F'( 1 ) = ( -1.0767221029505805e-05 -3.3661051866817924e-05 0.00805624954348148 )
F'( 2 ) = ( -0.00010940306480142458 -0.0002922796333636501 0.03169906993139631 )
F'( 3 ) = ( -0.00036196131651927065 -0.0009477652367481258 0.0701231992727041 )
F'( 4 ) = ( -0.0008123973991082485 -0.0021196366993704754 0.12253825816936259 )
F'( 5 ) = ( -0.0014861413872253237 -0.0038829034420616287 0.18814838805488246 )
F'( 6 ) = ( -0.0023931132812496083 -0.006274534421491678 0.2661300861889994 )
F'( 7 ) = ( -0.003531377854497728 -0.009301640162228945 0.35566917480741517 )
F'( 8 ) = ( -0.0049783926833188484 -0.013206170952139268 0.46030389973931307 )
F'( 9 ) = ( -0.006815230132190004 -0.01824153301275831 0.5830365507474569 )
F'( 10 ) = ( -0.009011802732600101 -0.024358695688176852 0.722321521250503 )
F'( 11 ) = ( -0.01152581954095209 -0.03147088445399103 0.8765792043402847 )
F'( 12 ) = ( -0.014308858601533019 -0.03946777955645458 1.0442171393276438 )
F'( 13 ) = ( -0.01730989440389868 -0.04822352548531017 1.2236069286856135 )
F'( 14 ) = ( -0.020480460328375815 -0.057609590638731834 1.4131197941239708 )
F'( 15 ) = ( -0.023886021251106015 -0.06798309588138769 1.6193609571427683 )
F'( 16 ) = ( -0.027549350624221553 -0.07955940701021312 1.8465996785433252 )
F'( 17 ) = ( -0.031364650078886676 -0.09199471052258405 2.0896880988381183 )
F'( 18 ) = ( -0.03525404416874695 -0.1049692378748537 2.343556826738472 )
F'( 19 ) = ( -0.03916442086770607 -0.11818737070957692 2.602970031993067 )
F'( 20 ) = ( 0.0 0.0 0.0 )
F'( 21 ) = ( 6.775006150778857e-05 0.00017438694889207048 -0.031029186506140165 )
F'( 22 ) = ( 0.00016647325483181306 0.00043985425987820033 -0.0431384597725142 )
F'( 23 ) = ( 0.00018070352269873707 0.0005047526168838957 -0.037213237874660486 )
F'( 24 ) = ( 2.7688366837264805e-05 0.00015350242887567645 -0.014145322115314109 )
F'( 25 ) = ( -0.00034749517518562205 -0.0007637911676809393 0.025202044481671404 )
F'( 26 ) = ( -0.000975953268034348 -0.002339983483033532 0.07994724015670818 )
F'( 27 ) = ( -0.0018699931097365383 -0.004622085855465725 0.1492211754237219 )
F'( 28 ) = ( -0.002899781266633916 -0.007191373189690044 0.21743269355860095 )
F'( 29 ) = ( -0.004393719633085977 -0.011042641670944042 0.3090435900759446 )
F'( 30 ) = ( -0.006333112509292993 -0.01617302296715803 0.4224124892547461 )
F'( 31 ) = ( -0.008676998534789869 -0.022516805996204283 0.5558405697147202 )
F'( 32 ) = ( -0.01137086442036874 -0.029965317698197626 0.7075798020428216 )
F'( 33 ) = ( -0.014351941482460261 -0.03837856614349545 0.8757748164442944 )
F'( 34 ) = ( -0.017558142410255977 -0.04760732185934422 1.0586363168487267 )
F'( 35 ) = ( -0.021011335313124387 -0.05727837569790383 1.2324873723307461 )
F'( 36 ) = ( -0.02483009236882363 -0.06857190871146071 1.4396616834831233 )
F'( 37 ) = ( -0.0288482849575224 -0.08105276368158099 1.6738546096435403 )
F'( 38 ) = ( -0.03293714332596138 -0.0943097451676208 1.9289568705118576 )
F'( 39 ) = ( -0.03700913483962392 -0.10797422192430713 2.1988194879945357 )
F'( 40 ) = ( 0.0 0.0 0.0 )
F'( 41 ) = ( -0.000129330842330431 -0.00034739012859844975 0.06668304906905137 )
F'( 42 ) = ( -0.0005246965366436423 -0.00139359603785667 0.1439529462645278 )
F'( 43 ) = ( -0.0011780439555216116 -0.0031309521238970317 0.23112992308674904 )
F'( 44 ) = ( -0.0020750983218940063 -0.005534796246626022 0.32756659934638493 )
F'( 45 ) = ( -0.0031969719888961454 -0.008567623542445026 0.43256592838753605 )
F'( 46 ) = ( -0.004521834558239742 -0.01218264307303742 0.5453955264201782 )
F'( 47 ) = ( -0.006026637000217039 -0.016327788763473922 0.665350399409047 )
F'( 48 ) = ( -0.008099606367489555 -0.02223540423164789 0.8246125371146609 )
F'( 49 ) = ( -0.010450751775046382 -0.029046843124966824 0.9940279401376877 )
F'( 50 ) = ( -0.013032851729930735 -0.03664358490384085 1.1721749043641514 )
F'( 51 ) = ( -0.01580161836910551 -0.04490731730119637 1.3576623891893833 )
F'( 52 ) = ( -0.018718317161872576 -0.05372690556631969 1.5491820244112546 )
F'( 53 ) = ( -0.021748707200505233 -0.06299502423140325 1.7453489201038923 )
F'( 54 ) = ( -0.02486529873586913 -0.07261594654750671 1.9448381557140308 )
F'( 55 ) = ( -0.02819884912812139 -0.0840417033478336 2.1996445435057588 )
F'( 56 ) = ( -0.03162872718784273 -0.09604185012519807 2.457006959493866 )
F'( 57 ) = ( -0.03513936765921815 -0.10840856786961468 2.7134701526280742 )
F'( 58 ) = ( -0.038728939998231474 -0.12095779206285938 2.9654675569535067 )
F'( 59 ) = ( -0.04239649156576433 -0.13350552616122818 3.20920660611201 )
F'( 60 ) = ( 0.0 0.0 0.0 )
F'( 61 ) = ( -0.004791020456147733 -0.0076137110092249 0.007983940689035874 )
F'( 62 ) = ( -0.009263571286874795 -0.014708491854774297 0.03144128185427616 )
F'( 63 ) = ( -0.013490445355844427 -0.02147598674703393 0.06960791330408575 )
F'( 64 ) = ( -0.01752857709810799 -0.028067414099056363 0.12172655211190511 )
F'( 65 ) = ( -0.021412059075364552 -0.034586245444578605 0.18702753652422738 )
F'( 66 ) = ( -0.025158023024562468 -0.04109603031558676 0.2647074497815862 )
F'( 67 ) = ( -0.02877969415956516 -0.047643938151488735 0.35396618250826034 )
F'( 68 ) = ( -0.034677699409328244 -0.05777878514291872 0.4580910565953106 )
F'( 69 ) = ( -0.04031630154910129 -0.0680282496719714 0.5803605839917932 )
F'( 70 ) = ( -0.04567733685048193 -0.07839504915194336 0.7192481439903393 )
F'( 71 ) = ( -0.05073338878983436 -0.08884330840903969 0.8731842406454298 )
F'( 72 ) = ( -0.055471287528752154 -0.0993355918958554 1.040578224181244 )
F'( 73 ) = ( -0.05983641462760187 -0.10975640317633979 1.2198021362592768 )
F'( 74 ) = ( -0.06381543263173145 -0.12004779251379369 1.409220130063382 )
F'( 75 ) = ( -0.07117430270478785 -0.13547683672409372 1.6150826121466721 )
F'( 76 ) = ( -0.07730581311786137 -0.1501038270581959 1.842108188085591 )
F'( 77 ) = ( -0.08220510238792068 -0.1636986003964189 2.0851305536211546 )
F'( 78 ) = ( -0.08593759242587584 -0.17613250626921115 2.339052560309031 )
F'( 79 ) = ( -0.08856447273271185 -0.1872715826739124 2.598611061249553 )
F'( 80 ) = ( 0.0 0.0 0.0 )
F'( 81 ) = ( 0.004769554072306866 0.007546388793507231 0.00812856469184731 )
F'( 82 ) = ( 0.009044894730349595 0.01412393197140839 0.031956868326387146 )
F'( 83 ) = ( 0.012766706026585492 0.01958045483672649 0.07063849700022122 )
F'( 84 ) = ( 0.015904007629255396 0.023828138217639287 0.1233499755590911 )
F'( 85 ) = ( 0.01844003506515913 0.026820434822709432 0.18926925010947176 )
F'( 86 ) = ( 0.020372076796218736 0.02854695640066908 0.2675527313734638 )
F'( 87 ) = ( 0.021717229957069588 0.02904065139516975 0.35737217454727566 )
F'( 88 ) = ( 0.024721230617317576 0.03136643488970499 0.4625167480893147 )
F'( 89 ) = ( 0.026686168864038542 0.031545173443115374 0.5857125208330329 )
F'( 90 ) = ( 0.02765405649454793 0.02967764595469606 0.7253948996117366 )
F'( 91 ) = ( 0.027682062278231195 0.025901526355707624 0.8799741665987538 )
F'( 92 ) = ( 0.026853860206336153 0.02040001874734465 1.0478560517259408 )
F'( 93 ) = ( 0.025216886973005778 0.013309337663784076 1.2274117181706183 )
F'( 94 ) = ( 0.022854735175327445 0.0048286115964424735 1.4170191721033063 )
F'( 95 ) = ( 0.02340243434662462 -0.0004893480771033989 1.6236387269569867 )
F'( 96 ) = ( 0.022207108093348422 -0.009015035916253605 1.8510915529054557 )
F'( 97 ) = ( 0.019475877447607245 -0.020290782061175378 2.0942443764170817 )
F'( 98 ) = ( 0.015429490746183782 -0.03380603814464678 2.348061861929342 )
F'( 99 ) = ( 0.010235643588300107 -0.04910316185483339 2.6073290106470277 )
